app/api/projects/route.ts(34,3): error TS2578: Unused '@ts-expect-error' directive.
app/create/_components/plan-selection-step.tsx(78,33): error TS2551: Property 'imagePreview' does not exist on type 'PlanConcept'. Did you mean 'image_preview'?
app/create/_components/plan-selection-step.tsx(80,41): error TS2551: Property 'imagePreview' does not exist on type 'PlanConcept'. Did you mean 'image_preview'?
app/create/_utils/index.ts(26,28): error TS2551: Property 'audioDuration' does not exist on type 'Scene'. Did you mean 'audio_duration'?
app/create/constants.ts(16,26): error TS2561: Object literal may only specify known properties, but 'imagePrompt' does not exist in type 'Scene'. Did you mean to write 'image_prompt'?
app/create/constants.ts(17,29): error TS2561: Object literal may only specify known properties, but 'imagePrompt' does not exist in type 'Scene'. Did you mean to write 'image_prompt'?
app/create/constants.ts(18,31): error TS2561: Object literal may only specify known properties, but 'imagePrompt' does not exist in type 'Scene'. Did you mean to write 'image_prompt'?
app/create/constants.ts(19,27): error TS2561: Object literal may only specify known properties, but 'imagePrompt' does not exist in type 'Scene'. Did you mean to write 'image_prompt'?
app/create/constants.ts(20,26): error TS2561: Object literal may only specify known properties, but 'imagePrompt' does not exist in type 'Scene'. Did you mean to write 'image_prompt'?
app/create/constants.ts(21,28): error TS2561: Object literal may only specify known properties, but 'imagePrompt' does not exist in type 'Scene'. Did you mean to write 'image_prompt'?
app/create/constants.ts(22,34): error TS2561: Object literal may only specify known properties, but 'imagePrompt' does not exist in type 'Scene'. Did you mean to write 'image_prompt'?
app/create/constants.ts(23,25): error TS2561: Object literal may only specify known properties, but 'imagePrompt' does not exist in type 'Scene'. Did you mean to write 'image_prompt'?
